<?xml version="1.0" encoding="UTF-8"?>
<bom xmlns="http://cyclonedx.org/schema/bom/1.4" serialNumber="urn:uuid:2939b822-b9cb-489d-8a8b-4431b755031d" version="1">
  <metadata>
    <timestamp>2022-11-07T09:11:06-05:00</timestamp>
    <tools>
      <tool>
        <vendor>nextlinux</vendor>
        <name>gosbom</name>
        <version>v0.42.0-bogus</version>
      </tool>
    </tools>
    <component bom-ref="163686ac6e30c752" type="file">
      <name>/some/path</name>
    </component>
  </metadata>
  <components>
    <component bom-ref="1b1d0be59ac59d2c" type="library">
      <name>package-1</name>
      <version>1.0.1</version>
      <licenses>
        <license>
          <id>MIT</id>
        </license>
      </licenses>
      <cpe>cpe:2.3:*:some:package:2:*:*:*:*:*:*:*</cpe>
      <purl>a-purl-2</purl>
      <properties>
        <property name="gosbom:package:foundBy">the-cataloger-1</property>
        <property name="gosbom:package:language">python</property>
        <property name="gosbom:package:metadataType">PythonPackageMetadata</property>
        <property name="gosbom:package:type">python</property>
        <property name="gosbom:location:0:path">/some/path/pkg1</property>
      </properties>
    </component>
    <component bom-ref="pkg:deb/debian/package-2@2.0.1?package-id=db4abfe497c180d3" type="library">
      <name>package-2</name>
      <version>2.0.1</version>
      <cpe>cpe:2.3:*:some:package:2:*:*:*:*:*:*:*</cpe>
      <purl>pkg:deb/debian/package-2@2.0.1</purl>
      <properties>
        <property name="gosbom:package:foundBy">the-cataloger-2</property>
        <property name="gosbom:package:metadataType">DpkgMetadata</property>
        <property name="gosbom:package:type">deb</property>
        <property name="gosbom:location:0:path">/some/path/pkg1</property>
        <property name="gosbom:metadata:installedSize">0</property>
      </properties>
    </component>
    <component type="operating-system">
      <name>debian</name>
      <version>1.2.3</version>
      <description>debian</description>
      <swid tagId="debian" name="debian" version="1.2.3"></swid>
      <properties>
        <property name="gosbom:distro:id">debian</property>
        <property name="gosbom:distro:idLike:0">like!</property>
        <property name="gosbom:distro:prettyName">debian</property>
        <property name="gosbom:distro:versionID">1.2.3</property>
      </properties>
    </component>
  </components>
</bom>
